{
    "-profile test without loci_groups": {
        "content": [
            {
                "CONCAT_TABLES": {
                    "r-base": "4.4.3"
                },
                "ESTIMATE_ALLELE_FREQUENCY_NAIVE": {
                    "r-base": "4.4.3"
                },
                "ESTIMATE_ALLELE_PREVALENCE_NAIVE": {
                    "r-base": "4.4.3"
                },
                "MERGE_TABLES": {
                    "r-base": "4.4.3"
                },
                "TRANSLATE_LOCI_OF_INTEREST": {
                    "r-base": "4.5.3",
                    "bioconductor-biostrings": "2.78.0",
                    "bioconductor-pwalign": "1.6.0"
                },
                "Workflow": {
                    "nf-core/plasmodiumdrugres": "v1.0.0"
                }
            },
            [
                "ml_summary.tsv",
                "pipeline_info",
                "raw_summaries",
                "raw_summaries/raw_ml_summary.tsv",
                "raw_summaries/raw_sl_from_ml_summary.tsv",
                "raw_summaries/raw_sl_summary.tsv",
                "sl_summary.tsv",
                "translated_loci",
                "translated_loci/amino_acid_calls.tsv.gz",
                "translated_loci/collapsed_amino_acid_calls.tsv.gz",
                "translated_loci/loci_covered_by_target_samples_info.tsv",
                "translated_loci/loci_of_interest_for_target_for_microhap.tsv.gz"
            ],
            [
                "ml_summary.tsv:md5,e8a94f69c5128f3f2eb73cdadbf003a3",
                "raw_ml_summary.tsv:md5,e8a94f69c5128f3f2eb73cdadbf003a3",
                "raw_sl_from_ml_summary.tsv:md5,cb25beedf82b44348008d8e5621655ef",
                "raw_sl_summary.tsv:md5,e8d84d3a16ffc5c538951c133faba0fa",
                "sl_summary.tsv:md5,e8d84d3a16ffc5c538951c133faba0fa",
                "amino_acid_calls.tsv.gz:md5,545f952c39c8206625359cd613b1f29c",
                "collapsed_amino_acid_calls.tsv.gz:md5,cd9cf4a6aa1ad66c99816239abf3a532",
                "loci_covered_by_target_samples_info.tsv:md5,1b2c20818014cb785d013fc21ff46346",
                "loci_of_interest_for_target_for_microhap.tsv.gz:md5,2b9323b36ae6979db24b6456eac732ea"
            ]
        ],
        "timestamp": "2026-08-12T15:37:14.979059",
        "meta": {
            "nf-test": "0.9.5",
            "nextflow": "25.10.4"
        }
    },
    "-profile test_pmo": {
        "content": [
            {
                "CONCAT_TABLES": {
                    "r-base": "4.4.3"
                },
                "ESTIMATE_ALLELE_FREQUENCY_NAIVE": {
                    "r-base": "4.4.3"
                },
                "ESTIMATE_ALLELE_PREVALENCE_NAIVE": {
                    "r-base": "4.4.3"
                },
                "ESTIMATE_ML_PREVFREQ_NAIVE": {
                    "r-base": "4.4.3"
                },
                "EXTRACT_ALLELE_TABLE": {
                    "pmotools-python": "pmotools-python 1.1.0"
                },
                "EXTRACT_PANEL_INFO_TO_BED": {
                    "pmotools-python": "pmotools-python 1.1.0"
                },
                "EXTRACT_POPULATION_MAP_FROM_PMO": {
                    "pmotools-python": "pmotools-python 1.1.0"
                },
                "INDEX_POPULATION_ASSIGNMENT": {
                    "r-base": "4.4.3"
                },
                "MERGE_TABLES": {
                    "r-base": "4.4.3"
                },
                "SPLIT_AA_TABLE_BY_POP": {
                    "r-base": "4.4.3"
                },
                "TRANSLATE_LOCI_OF_INTEREST": {
                    "r-base": "4.5.3",
                    "bioconductor-biostrings": "2.78.0",
                    "bioconductor-pwalign": "1.6.0"
                },
                "Workflow": {
                    "nf-core/plasmodiumdrugres": "v1.0.0"
                }
            },
            [
                "ml_summary.tsv",
                "pipeline_info",
                "raw_summaries",
                "raw_summaries/raw_ml_summary.tsv",
                "raw_summaries/raw_sl_from_ml_summary.tsv",
                "raw_summaries/raw_sl_summary.tsv",
                "sl_summary.tsv",
                "translated_loci",
                "translated_loci/amino_acid_calls.tsv.gz",
                "translated_loci/collapsed_amino_acid_calls.tsv.gz",
                "translated_loci/loci_covered_by_target_samples_info.tsv",
                "translated_loci/loci_of_interest_for_target_for_microhap.tsv.gz"
            ],
            [
                "ml_summary.tsv:md5,d9f87d213f0e5169dae8efa0c9c228ae",
                "raw_ml_summary.tsv:md5,0372d2b48c64a7ba536996ab9e82c9bb",
                "raw_sl_from_ml_summary.tsv:md5,27bde68bed23b82898bcf8eb6448115b",
                "raw_sl_summary.tsv:md5,c1c5d191b2613104abc2e3ef6221b9bb",
                "sl_summary.tsv:md5,c1c5d191b2613104abc2e3ef6221b9bb",
                "amino_acid_calls.tsv.gz:md5,1b16806a15df7437f11180da9882d8df",
                "collapsed_amino_acid_calls.tsv.gz:md5,cd9cf4a6aa1ad66c99816239abf3a532",
                "loci_covered_by_target_samples_info.tsv:md5,1b2c20818014cb785d013fc21ff46346",
                "loci_of_interest_for_target_for_microhap.tsv.gz:md5,2b9323b36ae6979db24b6456eac732ea"
            ]
        ],
        "timestamp": "2026-08-12T15:39:31.668014",
        "meta": {
            "nf-test": "0.9.5",
            "nextflow": "25.10.4"
        }
    },
    "-profile test": {
        "content": [
            {
                "CONCAT_TABLES": {
                    "r-base": "4.4.3"
                },
                "ESTIMATE_ALLELE_FREQUENCY_NAIVE": {
                    "r-base": "4.4.3"
                },
                "ESTIMATE_ALLELE_PREVALENCE_NAIVE": {
                    "r-base": "4.4.3"
                },
                "ESTIMATE_ML_PREVFREQ_NAIVE": {
                    "r-base": "4.4.3"
                },
                "MERGE_TABLES": {
                    "r-base": "4.4.3"
                },
                "TRANSLATE_LOCI_OF_INTEREST": {
                    "r-base": "4.5.3",
                    "bioconductor-biostrings": "2.78.0",
                    "bioconductor-pwalign": "1.6.0"
                },
                "Workflow": {
                    "nf-core/plasmodiumdrugres": "v1.0.0"
                }
            },
            [
                "ml_summary.tsv",
                "pipeline_info",
                "raw_summaries",
                "raw_summaries/raw_ml_summary.tsv",
                "raw_summaries/raw_sl_from_ml_summary.tsv",
                "raw_summaries/raw_sl_summary.tsv",
                "sl_summary.tsv",
                "translated_loci",
                "translated_loci/amino_acid_calls.tsv.gz",
                "translated_loci/collapsed_amino_acid_calls.tsv.gz",
                "translated_loci/loci_covered_by_target_samples_info.tsv",
                "translated_loci/loci_of_interest_for_target_for_microhap.tsv.gz"
            ],
            [
                "ml_summary.tsv:md5,abe0ceff24035ad54a66324cc1de8c14",
                "raw_ml_summary.tsv:md5,79c484ae1d82534979614861af636a4b",
                "raw_sl_from_ml_summary.tsv:md5,1258c30ae92123c6c9a205f7edaf039e",
                "raw_sl_summary.tsv:md5,e8d84d3a16ffc5c538951c133faba0fa",
                "sl_summary.tsv:md5,e8d84d3a16ffc5c538951c133faba0fa",
                "amino_acid_calls.tsv.gz:md5,545f952c39c8206625359cd613b1f29c",
                "collapsed_amino_acid_calls.tsv.gz:md5,cd9cf4a6aa1ad66c99816239abf3a532",
                "loci_covered_by_target_samples_info.tsv:md5,1b2c20818014cb785d013fc21ff46346",
                "loci_of_interest_for_target_for_microhap.tsv.gz:md5,2b9323b36ae6979db24b6456eac732ea"
            ]
        ],
        "timestamp": "2026-08-12T15:34:41.265493",
        "meta": {
            "nf-test": "0.9.5",
            "nextflow": "25.10.4"
        }
    }
}